// Vitest Snapshot v1, https://vitest.dev/guide/snapshot.html

exports[`utils > prepareSnapshot 1`] = `
{
  "dragOvershoot": "0",
  "groupId": "group",
  "items": [
    {
      "collapseIsControlled": false,
      "collapsedSize": {
        "type": "pixel",
        "value": "0",
      },
      "currentValue": {
        "type": "pixel",
        "value": "-1",
      },
      "id": "panel-1",
      "lastKnownSize": {
        "height": 200,
        "width": 190,
      },
      "max": "1fr",
      "min": {
        "type": "pixel",
        "value": "100",
      },
      "onResize": {},
      "type": "panel",
    },
    {
      "id": "resizer-1",
      "size": {
        "type": "pixel",
        "value": "10",
      },
      "type": "handle",
    },
    {
      "collapseIsControlled": false,
      "collapsed": false,
      "collapsedSize": {
        "type": "pixel",
        "value": "50",
      },
      "collapsible": true,
      "currentValue": {
        "type": "pixel",
        "value": "-1",
      },
      "id": "panel-2",
      "lastKnownSize": {
        "height": 200,
        "width": 300,
      },
      "max": {
        "type": "pixel",
        "value": "300",
      },
      "min": {
        "type": "pixel",
        "value": "0",
      },
      "onResize": {},
      "type": "panel",
    },
  ],
  "orientation": "horizontal",
  "shiftAmount": 15,
  "size": {
    "height": 200,
    "width": 500,
  },
}
`;

exports[`utils > prepareSnapshot 2`] = `
{
  "dragOvershoot": "0",
  "groupId": "group",
  "items": [
    {
      "collapseIsControlled": false,
      "collapsedSize": {
        "type": "pixel",
        "value": "0",
      },
      "currentValue": {
        "type": "percent",
        "value": "0.59183673469387755102",
      },
      "id": "panel-1",
      "max": "1fr",
      "min": {
        "type": "pixel",
        "value": "100",
      },
      "onResize": {},
      "type": "panel",
    },
    {
      "id": "resizer-1",
      "size": {
        "type": "pixel",
        "value": "10",
      },
      "type": "handle",
    },
    {
      "collapseIsControlled": false,
      "collapsed": false,
      "collapsedSize": {
        "type": "pixel",
        "value": "50",
      },
      "collapsible": true,
      "currentValue": {
        "type": "percent",
        "value": "0.40816326530612244898",
      },
      "id": "panel-2",
      "max": {
        "type": "pixel",
        "value": "300",
      },
      "min": {
        "type": "pixel",
        "value": "0",
      },
      "onResize": {},
      "type": "panel",
    },
  ],
  "orientation": "horizontal",
  "shiftAmount": 15,
  "size": {
    "height": 200,
    "width": 500,
  },
}
`;
