// Vitest Snapshot v1, https://vitest.dev/guide/snapshot.html

exports[`Autosave > cookie 1`] = `"autosave-cookie-svelte=%7B%22size%22%3A%7B%22x%22%3A0%2C%22y%22%3A0%2C%22width%22%3A500%2C%22height%22%3A198%2C%22top%22%3A0%2C%22right%22%3A500%2C%22bottom%22%3A198%2C%22left%22%3A0%7D%2C%22items%22%3A%5B%7B%22type%22%3A%22panel%22%2C%22currentValue%22%3A%7B%22type%22%3A%22percent%22%2C%22value%22%3A%220.7%22%7D%2C%22min%22%3A%7B%22type%22%3A%22pixel%22%2C%22value%22%3A%220%22%7D%2C%22max%22%3A%221fr%22%2C%22collapsedSize%22%3A%7B%22type%22%3A%22pixel%22%2C%22value%22%3A%220%22%7D%2C%22onCollapseChange%22%3A%7B%7D%2C%22onResize%22%3A%7B%7D%2C%22collapseIsControlled%22%3Afalse%2C%22id%22%3A%221%22%7D%2C%7B%22type%22%3A%22handle%22%2C%22size%22%3A%7B%22type%22%3A%22pixel%22%2C%22value%22%3A%2210%22%7D%2C%22id%22%3A%22resizer%22%7D%2C%7B%22type%22%3A%22panel%22%2C%22currentValue%22%3A%7B%22type%22%3A%22percent%22%2C%22value%22%3A%220.3%22%7D%2C%22min%22%3A%7B%22type%22%3A%22pixel%22%2C%22value%22%3A%220%22%7D%2C%22max%22%3A%221fr%22%2C%22collapsedSize%22%3A%7B%22type%22%3A%22pixel%22%2C%22value%22%3A%220%22%7D%2C%22onCollapseChange%22%3A%7B%7D%2C%22onResize%22%3A%7B%7D%2C%22collapseIsControlled%22%3Afalse%2C%22id%22%3A%222%22%7D%5D%2C%22orientation%22%3A%22horizontal%22%2C%22dragOvershoot%22%3A%220%22%2C%22groupId%22%3A%22autosave-cookie-svelte%22%2C%22autosaveStrategy%22%3A%22cookie%22%2C%22shiftAmount%22%3A15%7D"`;

exports[`Autosave > localStorage 1`] = `
[
  {
    "collapseIsControlled": false,
    "collapsedSize": {
      "type": "pixel",
      "value": "0",
    },
    "currentValue": {
      "type": "percent",
      "value": "0.70081967213114754098",
    },
    "id": "1",
    "max": "1fr",
    "min": {
      "type": "pixel",
      "value": "0",
    },
    "onCollapseChange": {},
    "onResize": {},
    "type": "panel",
  },
  {
    "id": "resizer",
    "size": {
      "type": "pixel",
      "value": "10",
    },
    "type": "handle",
  },
  {
    "collapseIsControlled": false,
    "collapsedSize": {
      "type": "pixel",
      "value": "0",
    },
    "currentValue": {
      "type": "percent",
      "value": "0.29918032786885245902",
    },
    "id": "2",
    "max": "1fr",
    "min": {
      "type": "pixel",
      "value": "0",
    },
    "onCollapseChange": {},
    "onResize": {},
    "type": "panel",
  },
]
`;
